---
source: crates/ktask-tui/tests/snapshots.rs
expression: drawn
---
6 Input inbox
Pending decisions: 1
Task 1 asks
Should the parser reject trailing commas?

Options
- Reject them
- Accept them

Trade-offs
Rejecting is stricter; accepting is friendlier

Impact
Every task file already written







Recommended: Reject them
a answer  r use recommended
Press ? for the key map
